[haliyikatma.com/index.html]
[backblue.gif]
[fade.gif]
[index.html]
[haliyikatma.com/assets/img/favicon.ico]
[haliyikatma.com/assets/css/bootstrap.min.css]
[haliyikatma.com/assets/css/fontawesome.min.css]
[haliyikatma.com/assets/css/magnific-popup.min.css]
[haliyikatma.com/assets/css/slick.min.css]
[haliyikatma.com/assets/css/animate.min.css]
[haliyikatma.com/assets/css/style.css]
[cdnjs.cloudflare.com/ajax/libs/font-awesome/4.7.0/css/font-awesome.min.css]
[haliyikatma.com/assets/img/logo-white.png]
[haliyikatma.com/index-2.html]
[haliyikatma.com/assets/img/logo-dark.png]
[haliyikatma.com/hakkimizda.html]
[haliyikatma.com/zekeriyakoy.html]
[haliyikatma.com/besiktas.html]
[haliyikatma.com/sisli.html]
[haliyikatma.com/sariyer.html]
[haliyikatma.com/esenyurt.html]
[haliyikatma.com/halkali.html]
[haliyikatma.com/taksim.html]
[haliyikatma.com/altinsehir.html]
[haliyikatma.com/istinye.html]
[haliyikatma.com/kilyos.html]
[haliyikatma.com/buyukcavuslu.html]
[haliyikatma.com/kavakli.html]
[haliyikatma.com/beykent.html]
[haliyikatma.com/gungoren.html]
[haliyikatma.com/kamiloba.html]
[haliyikatma.com/ulus.html]
[haliyikatma.com/kustepe.html]
[haliyikatma.com/gokturk.html]
[haliyikatma.com/kagithane.html]
[haliyikatma.com/eyup.html]
[haliyikatma.com/bayrampasa.html]
[haliyikatma.com/bahcesehir.html]
[haliyikatma.com/florya.html]
[haliyikatma.com/yesilpinar.html]
[haliyikatma.com/beyoglu.html]
[haliyikatma.com/atakent.html]
[haliyikatma.com/dikilitas.html]
[haliyikatma.com/iletisim.html]
[haliyikatma.com/assets/img/bg/hero-bg-3.jpg]
[haliyikatma.com/assets/img/icon/satisfaction-icon.svg]
[haliyikatma.com/assets/img/shapes/clean1.png]
[haliyikatma.com/assets/img/shapes/circle-1.png]
[haliyikatma.com/assets/img/shapes/hero-sheap3.png]
[haliyikatma.com/assets/img/shapes/hero-shep4.png]
[haliyikatma.com/assets/img/icon/service-icon-3-1.svg]
[haliyikatma.com/assets/img/shapes/service-shape-4.png]
[haliyikatma.com/assets/img/bg/service-bg2.jpg]
[haliyikatma.com/assets/img/icon/service-icon-3-2.svg]
[haliyikatma.com/assets/img/icon/service-icon-3-3.svg]
[haliyikatma.com/assets/img/icon/service-icon-3-4.svg]
[haliyikatma.com/assets/img/icon/about-icon1.svg]
[haliyikatma.com/assets/img/about/about-img-2-1.jpg]
[haliyikatma.com/assets/img/about/about-img-2-2.jpg]
[haliyikatma.com/assets/img/shapes/about-line-shape.png]
[haliyikatma.com/assets/img/icon/right-mark-icon2.svg]
[haliyikatma.com/assets/img/about/about-tab-2.jpg]
[haliyikatma.com/assets/img/icon/author-icon.png]
[haliyikatma.com/assets/img/shapes/about-shape-2-1.png]
[haliyikatma.com/assets/img/shapes/map-shape-1.png]
[haliyikatma.com/assets/img/shapes/about-shape-2-2.png]
[haliyikatma.com/assets/img/gallery/gallery-img-2-1.jpg]
[haliyikatma.com/assets/img/gallery/gallery-img-2-3.jpg]
[haliyikatma.com/assets/img/gallery/gallery-img-2-4.jpg]
[haliyikatma.com/assets/img/gallery/gallery-img-2-5.jpg]
[haliyikatma.com/assets/img/gallery/gallery-img-2-6.jpg]
[haliyikatma.com/assets/img/gallery/gallery-img-2-7.jpg]
[haliyikatma.com/assets/img/gallery/gallery-img-2-2.jpg]
[haliyikatma.com/assets/img/gallery/gallery-img-2-8.jpg]
[haliyikatma.com/assets/img/bg/service-bg3.jpg]
[haliyikatma.com/assets/img/icon/arraw-left.svg]
[haliyikatma.com/assets/img/icon/arraw-right.svg]
[haliyikatma.com/assets/img/service/slide-hali-yikama.jpg]
[haliyikatma.com/assets/img/shapes/angle-left.png]
[haliyikatma.com/assets/img/shapes/angle-right.png]
[haliyikatma.com/assets/img/shapes/service-shape-5.png]
[haliyikatma.com/assets/img/service/slide-perde-yikama.jpg]
[haliyikatma.com/assets/img/service/slide-yatak-yikama.jpg]
[haliyikatma.com/assets/img/service/slide-yorgan-yikama.jpg]
[haliyikatma.com/assets/img/service/slide-ev-temizligi.jpg]
[haliyikatma.com/assets/img/service/slide-koltuk-yikama.jpg]
[haliyikatma.com/assets/img/service/slide-hali-tamiri.jpg]
[haliyikatma.com/assets/img/service/slide-yerinde-yikama.jpg]
[haliyikatma.com/assets/img/service/slide-leke-cikartma.jpg]
[haliyikatma.com/assets/img/service/slide-hali-overlok.jpg]
[haliyikatma.com/assets/img/shapes/line-shep.png]
[haliyikatma.com/assets/img/shapes/cleaning-shapes-1-2.png]
[haliyikatma.com/assets/img/shapes/map-shape-2.png]
[haliyikatma.com/assets/img/shapes/service-shape-man2.png]
[haliyikatma.com/assets/img/icon/counter-icon-2-1.png]
[haliyikatma.com/assets/img/icon/counter-icon-2-2.png]
[haliyikatma.com/assets/img/icon/counter-icon-2-3.png]
[haliyikatma.com/assets/img/icon/counter-icon-2-4.png]
[haliyikatma.com/assets/img/shapes/counter-shape-3-1.png]
[haliyikatma.com/assets/img/shapes/counter-shape-3-2.png]
[haliyikatma.com/assets/img/bg/footer-bg-1-1.jpg]
[haliyikatma.com/assets/img/icon/call-icon.svg]
[haliyikatma.com/assets/img/default/payment-img.svg]
[haliyikatma.com/assets/js/vendor/jquery-3.7.1.min.js]
[haliyikatma.com/assets/js/slick.min.js]
[haliyikatma.com/assets/js/bootstrap.min.js]
[haliyikatma.com/assets/js/jquery.magnific-popup.min.js]
[haliyikatma.com/assets/js/imagesloaded.pkgd.min.js]
[haliyikatma.com/assets/js/gsap.min.js]
[haliyikatma.com/assets/js/ScrollTrigger.min.js]
[haliyikatma.com/assets/js/gsap-scroll-to-plugin.js]
[haliyikatma.com/assets/js/SplitText.js]
[haliyikatma.com/assets/js/lenis.min.js]
[haliyikatma.com/assets/js/wow.min.js]
[haliyikatma.com/assets/js/main.js]
[haliyikatma.com/index.html]
[haliyikatma.com/assets/css/bootstrap.min.css]
[haliyikatma.com/assets/fonts/fa-brands-400.woff2]
[haliyikatma.com/assets/fonts/fa-brands-400.ttf]
[haliyikatma.com/assets/fonts/fa-duotone-900.woff2]
[haliyikatma.com/assets/fonts/fa-duotone-900.ttf]
[haliyikatma.com/assets/fonts/fa-light-300.woff2]
[haliyikatma.com/assets/fonts/fa-light-300.ttf]
[haliyikatma.com/assets/fonts/fa-regular-400.woff2]
[haliyikatma.com/assets/fonts/fa-regular-400.ttf]
[haliyikatma.com/assets/fonts/fa-solid-900.woff2]
[haliyikatma.com/assets/fonts/fa-solid-900.ttf]
[haliyikatma.com/assets/css/fontawesome.min.css]
[haliyikatma.com/assets/css/magnific-popup.min.css]
[haliyikatma.com/assets/css/slick.min.css]
[haliyikatma.com/assets/css/animate.min.css]
[haliyikatma.com/assets/css/style.css]
[cdnjs.cloudflare.com/ajax/libs/font-awesome/4.7.0/css/font-awesome.min.css]
[haliyikatma.com/index-2.html]
[haliyikatma.com/assets/img/breadcumb/breadcumb-bg.png]
[haliyikatma.com/assets/img/shapes/about-shape-1-1.png]
[haliyikatma.com/assets/img/shapes/about-shape-1-2.png]
[haliyikatma.com/assets/img/bg/client-bg1.jpg]
[haliyikatma.com/hakkimizda.html]
[haliyikatma.com/assets/img/bg/video-bg1.png]
[haliyikatma.com/zekeriyakoy-hali-yikama.html]
[haliyikatma.com/zekeriyakoy-perde-yikama.html]
[haliyikatma.com/zekeriyakoy-yatak-yikama.html]
[haliyikatma.com/zekeriyakoy-yorgan-yikama.html]
[haliyikatma.com/zekeriyakoy-ev-temizligi.html]
[haliyikatma.com/assets/img/icon/service-icon-1-4.svg]
[haliyikatma.com/zekeriyakoy-koltuk-yikama.html]
[haliyikatma.com/zekeriyakoy-hali-tamiri.html]
[haliyikatma.com/zekeriyakoy-yerinde-yikama.html]
[haliyikatma.com/zekeriyakoy-leke-cikartma.html]
[haliyikatma.com/zekeriyakoy-hali-overlok.html]
[haliyikatma.com/assets/img/shapes/map-shape-3.png]
[haliyikatma.com/assets/img/shapes/about-icon-shape1.png]
[haliyikatma.com/assets/img/about/about-img-3-1.jpg]
[haliyikatma.com/assets/img/about/about-img-1-2.jpg]
[haliyikatma.com/zekeriyakoy.html]
[haliyikatma.com/besiktas-hali-yikama.html]
[haliyikatma.com/besiktas-perde-yikama.html]
[haliyikatma.com/besiktas-yatak-yikama.html]
[haliyikatma.com/besiktas-yorgan-yikama.html]
[haliyikatma.com/besiktas-ev-temizligi.html]
[haliyikatma.com/besiktas-koltuk-yikama.html]
[haliyikatma.com/besiktas-hali-tamiri.html]
[haliyikatma.com/besiktas-yerinde-yikama.html]
[haliyikatma.com/besiktas-leke-cikartma.html]
[haliyikatma.com/besiktas.html]
[haliyikatma.com/besiktas-hali-overlok.html]
[haliyikatma.com/sisli-hali-yikama.html]
[haliyikatma.com/sisli-perde-yikama.html]
[haliyikatma.com/sisli-yatak-yikama.html]
[haliyikatma.com/sisli-yorgan-yikama.html]
[haliyikatma.com/sisli-ev-temizligi.html]
[haliyikatma.com/sisli-koltuk-yikama.html]
[haliyikatma.com/sisli-hali-tamiri.html]
[haliyikatma.com/sisli-yerinde-yikama.html]
[haliyikatma.com/sisli-leke-cikartma.html]
[haliyikatma.com/sisli-hali-overlok.html]
[haliyikatma.com/sisli.html]
[haliyikatma.com/sariyer-hali-yikama.html]
[haliyikatma.com/sariyer-perde-yikama.html]
[haliyikatma.com/sariyer-yatak-yikama.html]
[haliyikatma.com/sariyer-yorgan-yikama.html]
[haliyikatma.com/sariyer-ev-temizligi.html]
[haliyikatma.com/sariyer-koltuk-yikama.html]
[haliyikatma.com/sariyer-hali-tamiri.html]
[haliyikatma.com/sariyer-yerinde-yikama.html]
[haliyikatma.com/sariyer-leke-cikartma.html]
[haliyikatma.com/sariyer-hali-overlok.html]
[haliyikatma.com/sariyer.html]
[haliyikatma.com/esenyurt-hali-yikama.html]
[haliyikatma.com/esenyurt-perde-yikama.html]
[haliyikatma.com/esenyurt-yatak-yikama.html]
[haliyikatma.com/esenyurt-yorgan-yikama.html]
[haliyikatma.com/esenyurt-ev-temizligi.html]
[haliyikatma.com/esenyurt-koltuk-yikama.html]
[haliyikatma.com/esenyurt-hali-tamiri.html]
[haliyikatma.com/esenyurt-yerinde-yikama.html]
[haliyikatma.com/esenyurt-leke-cikartma.html]
[haliyikatma.com/esenyurt.html]
[haliyikatma.com/esenyurt-hali-overlok.html]
[haliyikatma.com/halkali-hali-yikama.html]
[haliyikatma.com/halkali-perde-yikama.html]
[haliyikatma.com/halkali-yatak-yikama.html]
[haliyikatma.com/halkali-yorgan-yikama.html]
[haliyikatma.com/halkali-ev-temizligi.html]
[haliyikatma.com/halkali-koltuk-yikama.html]
[haliyikatma.com/halkali-hali-tamiri.html]
[haliyikatma.com/halkali-yerinde-yikama.html]
[haliyikatma.com/halkali-leke-cikartma.html]
[haliyikatma.com/halkali-hali-overlok.html]
[haliyikatma.com/halkali.html]
[haliyikatma.com/taksim-hali-yikama.html]
[haliyikatma.com/taksim-perde-yikama.html]
[haliyikatma.com/taksim-yatak-yikama.html]
[haliyikatma.com/taksim-yorgan-yikama.html]
[haliyikatma.com/taksim-ev-temizligi.html]
[haliyikatma.com/taksim-koltuk-yikama.html]
[haliyikatma.com/taksim-hali-tamiri.html]
[haliyikatma.com/taksim-yerinde-yikama.html]
[haliyikatma.com/taksim-leke-cikartma.html]
[haliyikatma.com/taksim.html]
[haliyikatma.com/taksim-hali-overlok.html]
[haliyikatma.com/altinsehir-hali-yikama.html]
[haliyikatma.com/altinsehir-perde-yikama.html]
[haliyikatma.com/altinsehir-yatak-yikama.html]
[haliyikatma.com/altinsehir-yorgan-yikama.html]
[haliyikatma.com/altinsehir-ev-temizligi.html]
[haliyikatma.com/altinsehir-koltuk-yikama.html]
[haliyikatma.com/altinsehir-hali-tamiri.html]
[haliyikatma.com/altinsehir-yerinde-yikama.html]
[haliyikatma.com/altinsehir-leke-cikartma.html]
[haliyikatma.com/altinsehir.html]
[haliyikatma.com/altinsehir-hali-overlok.html]
[haliyikatma.com/istinye-hali-yikama.html]
[haliyikatma.com/istinye-perde-yikama.html]
[haliyikatma.com/istinye-yatak-yikama.html]
[haliyikatma.com/istinye-yorgan-yikama.html]
[haliyikatma.com/istinye-ev-temizligi.html]
[haliyikatma.com/istinye-koltuk-yikama.html]
[haliyikatma.com/istinye-hali-tamiri.html]
[haliyikatma.com/istinye-yerinde-yikama.html]
[haliyikatma.com/istinye-leke-cikartma.html]
[haliyikatma.com/istinye-hali-overlok.html]
[haliyikatma.com/istinye.html]
[haliyikatma.com/kilyos-hali-yikama.html]
[haliyikatma.com/kilyos-perde-yikama.html]
[haliyikatma.com/kilyos-yatak-yikama.html]
[haliyikatma.com/kilyos-yorgan-yikama.html]
[haliyikatma.com/kilyos-ev-temizligi.html]
[haliyikatma.com/kilyos-koltuk-yikama.html]
[haliyikatma.com/kilyos-hali-tamiri.html]
[haliyikatma.com/kilyos-yerinde-yikama.html]
[haliyikatma.com/kilyos-leke-cikartma.html]
[haliyikatma.com/kilyos.html]
[haliyikatma.com/kilyos-hali-overlok.html]
[haliyikatma.com/buyukcavuslu-hali-yikama.html]
[haliyikatma.com/buyukcavuslu-perde-yikama.html]
[haliyikatma.com/buyukcavuslu-yatak-yikama.html]
[haliyikatma.com/buyukcavuslu-yorgan-yikama.html]
[haliyikatma.com/buyukcavuslu-ev-temizligi.html]
[haliyikatma.com/buyukcavuslu-koltuk-yikama.html]
[haliyikatma.com/buyukcavuslu-hali-tamiri.html]
[haliyikatma.com/buyukcavuslu-yerinde-yikama.html]
[haliyikatma.com/buyukcavuslu-leke-cikartma.html]
[haliyikatma.com/buyukcavuslu.html]
[haliyikatma.com/buyukcavuslu-hali-overlok.html]
[haliyikatma.com/kavakli-hali-yikama.html]
[haliyikatma.com/kavakli-perde-yikama.html]
[haliyikatma.com/kavakli-yatak-yikama.html]
[haliyikatma.com/kavakli-yorgan-yikama.html]
[haliyikatma.com/kavakli-ev-temizligi.html]
[haliyikatma.com/kavakli-koltuk-yikama.html]
[haliyikatma.com/kavakli-hali-tamiri.html]
[haliyikatma.com/kavakli-yerinde-yikama.html]
[haliyikatma.com/kavakli-leke-cikartma.html]
[haliyikatma.com/kavakli-hali-overlok.html]
[haliyikatma.com/kavakli.html]
[haliyikatma.com/beykent-hali-yikama.html]
[haliyikatma.com/beykent-perde-yikama.html]
[haliyikatma.com/beykent-yatak-yikama.html]
[haliyikatma.com/beykent-yorgan-yikama.html]
[haliyikatma.com/beykent-ev-temizligi.html]
[haliyikatma.com/beykent-koltuk-yikama.html]
[haliyikatma.com/beykent-hali-tamiri.html]
[haliyikatma.com/beykent-yerinde-yikama.html]
[haliyikatma.com/beykent-leke-cikartma.html]
[haliyikatma.com/beykent.html]
[haliyikatma.com/beykent-hali-overlok.html]
[haliyikatma.com/gungoren-hali-yikama.html]
[haliyikatma.com/gungoren-perde-yikama.html]
[haliyikatma.com/gungoren-yatak-yikama.html]
[haliyikatma.com/gungoren-yorgan-yikama.html]
[haliyikatma.com/gungoren-ev-temizligi.html]
[haliyikatma.com/gungoren-koltuk-yikama.html]
[haliyikatma.com/gungoren-hali-tamiri.html]
[haliyikatma.com/gungoren-yerinde-yikama.html]
[haliyikatma.com/gungoren-leke-cikartma.html]
[haliyikatma.com/gungoren-hali-overlok.html]
[haliyikatma.com/gungoren.html]
[haliyikatma.com/kamiloba-hali-yikama.html]
[haliyikatma.com/kamiloba-perde-yikama.html]
[haliyikatma.com/kamiloba-yatak-yikama.html]
[haliyikatma.com/kamiloba-yorgan-yikama.html]
[haliyikatma.com/kamiloba-ev-temizligi.html]
[haliyikatma.com/kamiloba-koltuk-yikama.html]
[haliyikatma.com/kamiloba-hali-tamiri.html]
[haliyikatma.com/kamiloba-yerinde-yikama.html]
[haliyikatma.com/kamiloba-leke-cikartma.html]
[haliyikatma.com/kamiloba-hali-overlok.html]
[haliyikatma.com/kamiloba.html]
[haliyikatma.com/ulus-hali-yikama.html]
[haliyikatma.com/ulus-perde-yikama.html]
[haliyikatma.com/ulus-yatak-yikama.html]
[haliyikatma.com/ulus-yorgan-yikama.html]
[haliyikatma.com/ulus-ev-temizligi.html]
[haliyikatma.com/ulus-koltuk-yikama.html]
[haliyikatma.com/ulus-hali-tamiri.html]
[haliyikatma.com/ulus-yerinde-yikama.html]
[haliyikatma.com/ulus-leke-cikartma.html]
[haliyikatma.com/ulus.html]
[haliyikatma.com/ulus-hali-overlok.html]
[haliyikatma.com/kustepe.html]
[haliyikatma.com/gokturk-hali-yikama.html]
[haliyikatma.com/gokturk-perde-yikama.html]
[haliyikatma.com/gokturk-yatak-yikama.html]
[haliyikatma.com/gokturk-yorgan-yikama.html]
[haliyikatma.com/gokturk-ev-temizligi.html]
[haliyikatma.com/gokturk-koltuk-yikama.html]
[haliyikatma.com/gokturk-hali-tamiri.html]
[haliyikatma.com/gokturk-yerinde-yikama.html]
[haliyikatma.com/gokturk-leke-cikartma.html]
[haliyikatma.com/gokturk.html]
[haliyikatma.com/gokturk-hali-overlok.html]
[haliyikatma.com/kagithane-hali-yikama.html]
[haliyikatma.com/kagithane-perde-yikama.html]
[haliyikatma.com/kagithane-yatak-yikama.html]
[haliyikatma.com/kagithane-yorgan-yikama.html]
[haliyikatma.com/kagithane-ev-temizligi.html]
[haliyikatma.com/kagithane-koltuk-yikama.html]
[haliyikatma.com/kagithane-hali-tamiri.html]
[haliyikatma.com/kagithane-yerinde-yikama.html]
[haliyikatma.com/kagithane-leke-cikartma.html]
[haliyikatma.com/kagithane.html]
[haliyikatma.com/kagithane-hali-overlok.html]
[haliyikatma.com/eyup-hali-yikama.html]
[haliyikatma.com/eyup-perde-yikama.html]
[haliyikatma.com/eyup-yatak-yikama.html]
[haliyikatma.com/eyup-yorgan-yikama.html]
[haliyikatma.com/eyup-ev-temizligi.html]
[haliyikatma.com/eyup-koltuk-yikama.html]
[haliyikatma.com/eyup-hali-tamiri.html]
[haliyikatma.com/eyup-yerinde-yikama.html]
[haliyikatma.com/eyup-leke-cikartma.html]
[haliyikatma.com/eyup-hali-overlok.html]
[haliyikatma.com/eyup.html]
[haliyikatma.com/bayrampasa-hali-yikama.html]
[haliyikatma.com/bayrampasa-perde-yikama.html]
[haliyikatma.com/bayrampasa-yatak-yikama.html]
[haliyikatma.com/bayrampasa-yorgan-yikama.html]
[haliyikatma.com/bayrampasa-ev-temizligi.html]
[haliyikatma.com/bayrampasa-koltuk-yikama.html]
[haliyikatma.com/bayrampasa-hali-tamiri.html]
[haliyikatma.com/bayrampasa-yerinde-yikama.html]
[haliyikatma.com/bayrampasa-leke-cikartma.html]
[haliyikatma.com/bayrampasa-hali-overlok.html]
[haliyikatma.com/bayrampasa.html]
[haliyikatma.com/bahcesehir-hali-yikama.html]
[haliyikatma.com/bahcesehir-perde-yikama.html]
[haliyikatma.com/bahcesehir-yatak-yikama.html]
[haliyikatma.com/bahcesehir-yorgan-yikama.html]
[haliyikatma.com/bahcesehir-ev-temizligi.html]
[haliyikatma.com/bahcesehir-koltuk-yikama.html]
[haliyikatma.com/bahcesehir-hali-tamiri.html]
[haliyikatma.com/bahcesehir-yerinde-yikama.html]
[haliyikatma.com/bahcesehir-leke-cikartma.html]
[haliyikatma.com/bahcesehir-hali-overlok.html]
[haliyikatma.com/bahcesehir.html]
[haliyikatma.com/florya-hali-yikama.html]
[haliyikatma.com/florya-perde-yikama.html]
[haliyikatma.com/florya-yatak-yikama.html]
[haliyikatma.com/florya-yorgan-yikama.html]
[haliyikatma.com/florya-ev-temizligi.html]
[haliyikatma.com/florya-koltuk-yikama.html]
[haliyikatma.com/florya-hali-tamiri.html]
[haliyikatma.com/florya-yerinde-yikama.html]
[haliyikatma.com/florya-leke-cikartma.html]
[haliyikatma.com/florya-hali-overlok.html]
[haliyikatma.com/florya.html]
[haliyikatma.com/yesilpinar-hali-yikama.html]
[haliyikatma.com/yesilpinar-perde-yikama.html]
[haliyikatma.com/yesilpinar-yatak-yikama.html]
[haliyikatma.com/yesilpinar-yorgan-yikama.html]
[haliyikatma.com/yesilpinar-ev-temizligi.html]
[haliyikatma.com/yesilpinar-koltuk-yikama.html]
[haliyikatma.com/yesilpinar-hali-tamiri.html]
[haliyikatma.com/yesilpinar-yerinde-yikama.html]
[haliyikatma.com/yesilpinar-leke-cikartma.html]
[haliyikatma.com/yesilpinar-hali-overlok.html]
[haliyikatma.com/yesilpinar.html]
[haliyikatma.com/beyoglu-hali-yikama.html]
[haliyikatma.com/beyoglu-perde-yikama.html]
[haliyikatma.com/beyoglu-yatak-yikama.html]
[haliyikatma.com/beyoglu-yorgan-yikama.html]
[haliyikatma.com/beyoglu-ev-temizligi.html]
[haliyikatma.com/beyoglu-koltuk-yikama.html]
[haliyikatma.com/beyoglu-hali-tamiri.html]
[haliyikatma.com/beyoglu-yerinde-yikama.html]
[haliyikatma.com/beyoglu-leke-cikartma.html]
[haliyikatma.com/beyoglu.html]
[haliyikatma.com/beyoglu-hali-overlok.html]
[haliyikatma.com/atakent-hali-yikama.html]
[haliyikatma.com/atakent-perde-yikama.html]
[haliyikatma.com/atakent-yatak-yikama.html]
[haliyikatma.com/atakent-yorgan-yikama.html]
[haliyikatma.com/atakent-ev-temizligi.html]
[haliyikatma.com/atakent-koltuk-yikama.html]
[haliyikatma.com/atakent-hali-tamiri.html]
[haliyikatma.com/atakent-yerinde-yikama.html]
[haliyikatma.com/atakent-leke-cikartma.html]
[haliyikatma.com/atakent-hali-overlok.html]
[haliyikatma.com/atakent.html]
[haliyikatma.com/dikilitas-hali-yikama.html]
[haliyikatma.com/dikilitas-perde-yikama.html]
[haliyikatma.com/dikilitas-yatak-yikama.html]
[haliyikatma.com/dikilitas-yorgan-yikama.html]
[haliyikatma.com/dikilitas-ev-temizligi.html]
[haliyikatma.com/dikilitas-koltuk-yikama.html]
[haliyikatma.com/dikilitas-hali-tamiri.html]
[haliyikatma.com/dikilitas-yerinde-yikama.html]
[haliyikatma.com/dikilitas-leke-cikartma.html]
[haliyikatma.com/dikilitas-hali-overlok.html]
[haliyikatma.com/dikilitas.html]
[haliyikatma.com/canta.html]
[haliyikatma.com/silivri-ortakoy.html]
[haliyikatma.com/arnavutkoy.html]
[haliyikatma.com/merter.html]
[haliyikatma.com/kumburgaz.html]
[haliyikatma.com/maslak.html]
[haliyikatma.com/kanarya.html]
[haliyikatma.com/esenler.html]
[haliyikatma.com/bagcilar.html]
[haliyikatma.com/bahcelievler.html]
[haliyikatma.com/avcilar.html]
[haliyikatma.com/ispartakule.html]
[haliyikatma.com/yesilkoy.html]
[haliyikatma.com/balat.html]
[haliyikatma.com/capa.html]
[haliyikatma.com/sirinevler.html]
[haliyikatma.com/cobancesme.html]
[haliyikatma.com/degirmenkoy.html]
[haliyikatma.com/selimpasa.html]
[haliyikatma.com/tarabya.html]
[haliyikatma.com/tekirdag.html]
[haliyikatma.com/hadimkoy.html]
[haliyikatma.com/esenkent.html]
[haliyikatma.com/yakuplu.html]
[haliyikatma.com/fatih.html]
[haliyikatma.com/zeytinburnu.html]
[haliyikatma.com/bakirkoy.html]
[haliyikatma.com/beylikduzu.html]
[haliyikatma.com/basaksehir.html]
[haliyikatma.com/atakoy.html]
[haliyikatma.com/yesilyurt.html]
[haliyikatma.com/caglayan.html]
[haliyikatma.com/yenibosna.html]
[haliyikatma.com/silivri.html]
[haliyikatma.com/gumusyaka.html]
[haliyikatma.com/corlu.html]
[haliyikatma.com/cerkezkoy.html]
[haliyikatma.com/etiler.html]
[haliyikatma.com/kucukcekmece.html]
[haliyikatma.com/uskumrukoy.html]
[haliyikatma.com/kemerburgaz.html]
[haliyikatma.com/alibeykoy.html]
[haliyikatma.com/ikitelli.html]
[haliyikatma.com/iletisim.html]
[haliyikatma.com/gayrettepe.html]
[haliyikatma.com/assets/img/icon/satisfaction-icon.svg]
[haliyikatma.com/assets/img/icon/service-icon-3-1.svg]
[haliyikatma.com/service.html]
[haliyikatma.com/assets/img/icon/service-icon-3-2.svg]
[haliyikatma.com/assets/img/icon/service-icon-3-3.svg]
[haliyikatma.com/assets/img/icon/service-icon-3-4.svg]
[haliyikatma.com/assets/img/icon/about-icon1.svg]
[haliyikatma.com/about.html]
[haliyikatma.com/assets/img/icon/right-mark-icon2.svg]
[haliyikatma.com/assets/img/icon/arraw-left.svg]
[haliyikatma.com/assets/img/icon/arraw-right.svg]
[haliyikatma.com/assets/img/bg/book-bg-1-2.html]
[haliyikatma.com/assets/img/icon/call-icon.svg]
[haliyikatma.com/tel+902126209991.html]
[haliyikatma.com/assets/img/default/payment-img.svg]
[haliyikatma.com/assets/fonts/fa-thin-100.html]
[haliyikatma.com/assets/fonts/fa-thin-101.html]
[haliyikatma.com/assets/fonts/fa-v4compatibility.html]
[haliyikatma.com/assets/fonts/fa-v4compatibility-2.html]
[haliyikatma.com/assets/img/icon/call-icon2.svg]
[haliyikatma.com/assets/img/shapes/contact-sheap1.png]
[haliyikatma.com/assets/img/service/s-d-1.jpg]
[haliyikatma.com/assets/img/service/s-d-2.jpg]
[haliyikatma.com/assets/img/service/s-d-3.jpg]
[haliyikatma.com/assets/img/shapes/contact-sheap2.png]
[haliyikatma.com/assets/img/shapes/service-shape-3.png]
[haliyikatma.com/zekeriyakoy-hali-yikama.html]
[haliyikatma.com/assets/img/service/perde-yikama-1.jpg]
[haliyikatma.com/assets/img/service/perde-yikama-2.jpg]
[haliyikatma.com/assets/img/service/perde-yikama-3.jpg]
[haliyikatma.com/zekeriyakoy-perde-yikama.html]
[haliyikatma.com/assets/img/service/yatak-yikama-1.jpg]
[haliyikatma.com/assets/img/service/yatak-yikama-2.jpg]
[haliyikatma.com/assets/img/service/yatak-yikama-3.jpg]
[haliyikatma.com/zekeriyakoy-yatak-yikama.html]
[haliyikatma.com/assets/img/service/yorgan-yikama-1.jpg]
[haliyikatma.com/assets/img/service/yorgan-yikama-2.jpg]
[haliyikatma.com/assets/img/service/yorgan-yikama-3.jpg]
[haliyikatma.com/zekeriyakoy-yorgan-yikama.html]
[haliyikatma.com/assets/img/service/ev-temizligi-1.jpg]
[haliyikatma.com/assets/img/service/ev-temizligi-2.jpg]
[haliyikatma.com/assets/img/service/ev-temizligi-3.jpg]
[haliyikatma.com/zekeriyakoy-ev-temizligi.html]
[haliyikatma.com/assets/img/icon/service-icon-1-4.svg]
[haliyikatma.com/assets/img/service/koltuk-yikama-1.jpg]
[haliyikatma.com/assets/img/service/koltuk-yikama-2.jpg]
[haliyikatma.com/assets/img/service/koltuk-yikama-3.jpg]
[haliyikatma.com/zekeriyakoy-koltuk-yikama.html]
[haliyikatma.com/assets/img/service/hali-tamiri-1.jpg]
[haliyikatma.com/assets/img/service/hali-tamiri-2.jpg]
[haliyikatma.com/zekeriyakoy-hali-tamiri.html]
[haliyikatma.com/assets/img/service/hali-tamiri-3.jpg]
[haliyikatma.com/assets/img/service/yerinde-yikama-1.jpg]
[haliyikatma.com/assets/img/service/yerinde-yikama-2.jpg]
[haliyikatma.com/assets/img/service/yerinde-yikama-3.jpg]
[haliyikatma.com/zekeriyakoy-yerinde-yikama.html]
[haliyikatma.com/assets/img/service/leke-cikartma-1.jpg]
[haliyikatma.com/assets/img/service/leke-cikartma-2.jpg]
[haliyikatma.com/assets/img/service/leke-cikartma-3.jpg]
[haliyikatma.com/zekeriyakoy-leke-cikartma.html]
[haliyikatma.com/assets/img/service/hali-overlok-1.jpg]
[haliyikatma.com/assets/img/service/hali-overlok-2.jpg]
[haliyikatma.com/assets/img/service/hali-overlok-3.jpg]
[haliyikatma.com/zekeriyakoy-hali-overlok.html]
[haliyikatma.com/besiktas-hali-yikama.html]
[haliyikatma.com/besiktas-perde-yikama.html]
[haliyikatma.com/besiktas-yatak-yikama.html]
[haliyikatma.com/besiktas-yorgan-yikama.html]
[haliyikatma.com/besiktas-ev-temizligi.html]
[haliyikatma.com/besiktas-koltuk-yikama.html]
[haliyikatma.com/besiktas-hali-tamiri.html]
[haliyikatma.com/besiktas-yerinde-yikama.html]
[haliyikatma.com/besiktas-leke-cikartma.html]
[haliyikatma.com/besiktas-hali-overlok.html]
[haliyikatma.com/sisli-hali-yikama.html]
[haliyikatma.com/sisli-perde-yikama.html]
[haliyikatma.com/sisli-yatak-yikama.html]
[haliyikatma.com/sisli-yorgan-yikama.html]
[haliyikatma.com/sisli-ev-temizligi.html]
[haliyikatma.com/sisli-koltuk-yikama.html]
[haliyikatma.com/sisli-hali-tamiri.html]
[haliyikatma.com/sisli-yerinde-yikama.html]
[haliyikatma.com/sisli-leke-cikartma.html]
[haliyikatma.com/sisli-hali-overlok.html]
[haliyikatma.com/sariyer-hali-yikama.html]
[haliyikatma.com/sariyer-perde-yikama.html]
[haliyikatma.com/sariyer-yatak-yikama.html]
[haliyikatma.com/sariyer-yorgan-yikama.html]
[haliyikatma.com/sariyer-ev-temizligi.html]
[haliyikatma.com/sariyer-koltuk-yikama.html]
[haliyikatma.com/sariyer-hali-tamiri.html]
[haliyikatma.com/sariyer-yerinde-yikama.html]
[haliyikatma.com/sariyer-leke-cikartma.html]
[haliyikatma.com/sariyer-hali-overlok.html]
[haliyikatma.com/esenyurt-hali-yikama.html]
[haliyikatma.com/esenyurt-perde-yikama.html]
[haliyikatma.com/esenyurt-yatak-yikama.html]
[haliyikatma.com/esenyurt-yorgan-yikama.html]
[haliyikatma.com/esenyurt-ev-temizligi.html]
[haliyikatma.com/esenyurt-koltuk-yikama.html]
[haliyikatma.com/esenyurt-hali-tamiri.html]
[haliyikatma.com/esenyurt-yerinde-yikama.html]
[haliyikatma.com/esenyurt-leke-cikartma.html]
[haliyikatma.com/esenyurt-hali-overlok.html]
[haliyikatma.com/halkali-hali-yikama.html]
[haliyikatma.com/halkali-perde-yikama.html]
[haliyikatma.com/halkali-yatak-yikama.html]
[haliyikatma.com/halkali-yorgan-yikama.html]
[haliyikatma.com/halkali-ev-temizligi.html]
[haliyikatma.com/halkali-koltuk-yikama.html]
[haliyikatma.com/halkali-hali-tamiri.html]
[haliyikatma.com/halkali-yerinde-yikama.html]
[haliyikatma.com/halkali-leke-cikartma.html]
[haliyikatma.com/halkali-hali-overlok.html]
[haliyikatma.com/taksim-hali-yikama.html]
[haliyikatma.com/taksim-perde-yikama.html]
[haliyikatma.com/taksim-yatak-yikama.html]
[haliyikatma.com/taksim-yorgan-yikama.html]
[haliyikatma.com/taksim-ev-temizligi.html]
[haliyikatma.com/taksim-koltuk-yikama.html]
[haliyikatma.com/taksim-hali-tamiri.html]
[haliyikatma.com/taksim-yerinde-yikama.html]
[haliyikatma.com/taksim-leke-cikartma.html]
[haliyikatma.com/taksim-hali-overlok.html]
[haliyikatma.com/altinsehir-hali-yikama.html]
[haliyikatma.com/altinsehir-perde-yikama.html]
[haliyikatma.com/altinsehir-yatak-yikama.html]
[haliyikatma.com/altinsehir-yorgan-yikama.html]
[haliyikatma.com/altinsehir-ev-temizligi.html]
[haliyikatma.com/altinsehir-koltuk-yikama.html]
[haliyikatma.com/altinsehir-hali-tamiri.html]
[haliyikatma.com/altinsehir-yerinde-yikama.html]
[haliyikatma.com/altinsehir-leke-cikartma.html]
[haliyikatma.com/altinsehir-hali-overlok.html]
[haliyikatma.com/istinye-hali-yikama.html]
[haliyikatma.com/istinye-perde-yikama.html]
[haliyikatma.com/istinye-yatak-yikama.html]
[haliyikatma.com/istinye-yorgan-yikama.html]
[haliyikatma.com/istinye-ev-temizligi.html]
[haliyikatma.com/istinye-koltuk-yikama.html]
[haliyikatma.com/istinye-hali-tamiri.html]
[haliyikatma.com/istinye-yerinde-yikama.html]
[haliyikatma.com/istinye-leke-cikartma.html]
[haliyikatma.com/istinye-hali-overlok.html]
[haliyikatma.com/kilyos-hali-yikama.html]
[haliyikatma.com/kilyos-perde-yikama.html]
[haliyikatma.com/kilyos-yatak-yikama.html]
[haliyikatma.com/kilyos-yorgan-yikama.html]
[haliyikatma.com/kilyos-ev-temizligi.html]
[haliyikatma.com/kilyos-koltuk-yikama.html]
[haliyikatma.com/kilyos-hali-tamiri.html]
[haliyikatma.com/kilyos-yerinde-yikama.html]
[haliyikatma.com/kilyos-leke-cikartma.html]
[haliyikatma.com/kilyos-hali-overlok.html]
[haliyikatma.com/buyukcavuslu-hali-yikama.html]
[haliyikatma.com/buyukcavuslu-perde-yikama.html]
[haliyikatma.com/buyukcavuslu-yatak-yikama.html]
[haliyikatma.com/buyukcavuslu-yorgan-yikama.html]
[haliyikatma.com/buyukcavuslu-ev-temizligi.html]
[haliyikatma.com/buyukcavuslu-koltuk-yikama.html]
[haliyikatma.com/buyukcavuslu-hali-tamiri.html]
[haliyikatma.com/buyukcavuslu-yerinde-yikama.html]
[haliyikatma.com/buyukcavuslu-leke-cikartma.html]
[haliyikatma.com/buyukcavuslu-hali-overlok.html]
[haliyikatma.com/kavakli-hali-yikama.html]
[haliyikatma.com/kavakli-perde-yikama.html]
[haliyikatma.com/kavakli-yatak-yikama.html]
[haliyikatma.com/kavakli-yorgan-yikama.html]
[haliyikatma.com/kavakli-ev-temizligi.html]
[haliyikatma.com/kavakli-koltuk-yikama.html]
[haliyikatma.com/kavakli-hali-tamiri.html]
[haliyikatma.com/kavakli-yerinde-yikama.html]
[haliyikatma.com/kavakli-leke-cikartma.html]
[haliyikatma.com/kavakli-hali-overlok.html]
[haliyikatma.com/beykent-hali-yikama.html]
[haliyikatma.com/beykent-perde-yikama.html]
[haliyikatma.com/beykent-yatak-yikama.html]
[haliyikatma.com/beykent-yorgan-yikama.html]
[haliyikatma.com/beykent-ev-temizligi.html]
[haliyikatma.com/beykent-koltuk-yikama.html]
[haliyikatma.com/beykent-hali-tamiri.html]
[haliyikatma.com/beykent-yerinde-yikama.html]
[haliyikatma.com/beykent-leke-cikartma.html]
[haliyikatma.com/beykent-hali-overlok.html]
[haliyikatma.com/gungoren-hali-yikama.html]
[haliyikatma.com/gungoren-perde-yikama.html]
[haliyikatma.com/gungoren-yatak-yikama.html]
[haliyikatma.com/gungoren-yorgan-yikama.html]
[haliyikatma.com/gungoren-ev-temizligi.html]
[haliyikatma.com/gungoren-koltuk-yikama.html]
[haliyikatma.com/gungoren-hali-tamiri.html]
[haliyikatma.com/gungoren-yerinde-yikama.html]
[haliyikatma.com/gungoren-leke-cikartma.html]
[haliyikatma.com/gungoren-hali-overlok.html]
[haliyikatma.com/kamiloba-hali-yikama.html]
[haliyikatma.com/kamiloba-perde-yikama.html]
[haliyikatma.com/kamiloba-yatak-yikama.html]
[haliyikatma.com/kamiloba-yorgan-yikama.html]
[haliyikatma.com/kamiloba-ev-temizligi.html]
[haliyikatma.com/kamiloba-koltuk-yikama.html]
[haliyikatma.com/kamiloba-hali-tamiri.html]
[haliyikatma.com/kamiloba-yerinde-yikama.html]
[haliyikatma.com/kamiloba-leke-cikartma.html]
[haliyikatma.com/kamiloba-hali-overlok.html]
[haliyikatma.com/ulus-hali-yikama.html]
[haliyikatma.com/ulus-perde-yikama.html]
[haliyikatma.com/ulus-yatak-yikama.html]
[haliyikatma.com/ulus-yorgan-yikama.html]
[haliyikatma.com/ulus-ev-temizligi.html]
[haliyikatma.com/ulus-koltuk-yikama.html]
[haliyikatma.com/ulus-hali-tamiri.html]
[haliyikatma.com/ulus-yerinde-yikama.html]
[haliyikatma.com/ulus-leke-cikartma.html]
[haliyikatma.com/ulus-hali-overlok.html]
[haliyikatma.com/gokturk-hali-yikama.html]
[haliyikatma.com/gokturk-perde-yikama.html]
[haliyikatma.com/gokturk-yatak-yikama.html]
[haliyikatma.com/gokturk-yorgan-yikama.html]
[haliyikatma.com/gokturk-ev-temizligi.html]
[haliyikatma.com/gokturk-koltuk-yikama.html]
[haliyikatma.com/gokturk-hali-tamiri.html]
[haliyikatma.com/gokturk-yerinde-yikama.html]
[haliyikatma.com/gokturk-leke-cikartma.html]
[haliyikatma.com/gokturk-hali-overlok.html]
[haliyikatma.com/kagithane-hali-yikama.html]
[haliyikatma.com/kagithane-perde-yikama.html]
[haliyikatma.com/kagithane-yatak-yikama.html]
[haliyikatma.com/kagithane-yorgan-yikama.html]
[haliyikatma.com/kagithane-ev-temizligi.html]
[haliyikatma.com/kagithane-koltuk-yikama.html]
[haliyikatma.com/kagithane-hali-tamiri.html]
[haliyikatma.com/kagithane-yerinde-yikama.html]
[haliyikatma.com/kagithane-leke-cikartma.html]
[haliyikatma.com/kagithane-hali-overlok.html]
[haliyikatma.com/eyup-hali-yikama.html]
[haliyikatma.com/eyup-perde-yikama.html]
[haliyikatma.com/eyup-yatak-yikama.html]
[haliyikatma.com/eyup-yorgan-yikama.html]
[haliyikatma.com/eyup-ev-temizligi.html]
[haliyikatma.com/eyup-koltuk-yikama.html]
[haliyikatma.com/eyup-hali-tamiri.html]
[haliyikatma.com/eyup-yerinde-yikama.html]
[haliyikatma.com/eyup-leke-cikartma.html]
[haliyikatma.com/eyup-hali-overlok.html]
[haliyikatma.com/bayrampasa-hali-yikama.html]
[haliyikatma.com/bayrampasa-perde-yikama.html]
[haliyikatma.com/bayrampasa-yatak-yikama.html]
[haliyikatma.com/bayrampasa-yorgan-yikama.html]
[haliyikatma.com/bayrampasa-ev-temizligi.html]
[haliyikatma.com/bayrampasa-koltuk-yikama.html]
[haliyikatma.com/bayrampasa-hali-tamiri.html]
[haliyikatma.com/bayrampasa-yerinde-yikama.html]
[haliyikatma.com/bayrampasa-leke-cikartma.html]
[haliyikatma.com/bayrampasa-hali-overlok.html]
[haliyikatma.com/bahcesehir-hali-yikama.html]
[haliyikatma.com/bahcesehir-perde-yikama.html]
[haliyikatma.com/bahcesehir-yatak-yikama.html]
[haliyikatma.com/bahcesehir-yorgan-yikama.html]
[haliyikatma.com/bahcesehir-ev-temizligi.html]
[haliyikatma.com/bahcesehir-koltuk-yikama.html]
[haliyikatma.com/bahcesehir-hali-tamiri.html]
[haliyikatma.com/bahcesehir-yerinde-yikama.html]
[haliyikatma.com/bahcesehir-leke-cikartma.html]
[haliyikatma.com/bahcesehir-hali-overlok.html]
[haliyikatma.com/florya-hali-yikama.html]
[haliyikatma.com/florya-perde-yikama.html]
[haliyikatma.com/florya-yatak-yikama.html]
[haliyikatma.com/florya-yorgan-yikama.html]
[haliyikatma.com/florya-ev-temizligi.html]
[haliyikatma.com/florya-koltuk-yikama.html]
[haliyikatma.com/florya-hali-tamiri.html]
[haliyikatma.com/florya-yerinde-yikama.html]
[haliyikatma.com/florya-leke-cikartma.html]
[haliyikatma.com/florya-hali-overlok.html]
[haliyikatma.com/yesilpinar-hali-yikama.html]
[haliyikatma.com/yesilpinar-perde-yikama.html]
[haliyikatma.com/yesilpinar-yatak-yikama.html]
[haliyikatma.com/yesilpinar-yorgan-yikama.html]
[haliyikatma.com/yesilpinar-ev-temizligi.html]
[haliyikatma.com/yesilpinar-koltuk-yikama.html]
[haliyikatma.com/yesilpinar-hali-tamiri.html]
[haliyikatma.com/yesilpinar-yerinde-yikama.html]
[haliyikatma.com/yesilpinar-leke-cikartma.html]
[haliyikatma.com/yesilpinar-hali-overlok.html]
[haliyikatma.com/beyoglu-hali-yikama.html]
[haliyikatma.com/beyoglu-perde-yikama.html]
[haliyikatma.com/beyoglu-yatak-yikama.html]
[haliyikatma.com/beyoglu-yorgan-yikama.html]
[haliyikatma.com/beyoglu-ev-temizligi.html]
[haliyikatma.com/beyoglu-koltuk-yikama.html]
[haliyikatma.com/beyoglu-hali-tamiri.html]
[haliyikatma.com/beyoglu-yerinde-yikama.html]
[haliyikatma.com/beyoglu-leke-cikartma.html]
[haliyikatma.com/beyoglu-hali-overlok.html]
[haliyikatma.com/atakent-hali-yikama.html]
[haliyikatma.com/atakent-perde-yikama.html]
[haliyikatma.com/atakent-yatak-yikama.html]
[haliyikatma.com/atakent-yorgan-yikama.html]
[haliyikatma.com/atakent-ev-temizligi.html]
[haliyikatma.com/atakent-koltuk-yikama.html]
[haliyikatma.com/atakent-hali-tamiri.html]
[haliyikatma.com/atakent-yerinde-yikama.html]
[haliyikatma.com/atakent-leke-cikartma.html]
[haliyikatma.com/atakent-hali-overlok.html]
[haliyikatma.com/dikilitas-hali-yikama.html]
[haliyikatma.com/dikilitas-perde-yikama.html]
[haliyikatma.com/dikilitas-yatak-yikama.html]
[haliyikatma.com/dikilitas-yorgan-yikama.html]
[haliyikatma.com/dikilitas-ev-temizligi.html]
[haliyikatma.com/dikilitas-koltuk-yikama.html]
[haliyikatma.com/dikilitas-hali-tamiri.html]
[haliyikatma.com/dikilitas-yerinde-yikama.html]
[haliyikatma.com/dikilitas-leke-cikartma.html]
[haliyikatma.com/dikilitas-hali-overlok.html]
[haliyikatma.com/assets/img/icon/call-icon2.svg]
